=== RUN   TestUserFlow

2025/02/07 15:41:26 [35mC:/Users/Sayanbek/Desktop/NEW/Advanced Programming NEW/main.go:555
[0m[31m[error] [0mfailed to initialize database, got error Binary was compiled with 'CGO_ENABLED=0', go-sqlite3 requires cgo to work. This is a stub
2025/02/07 15:41:26 Failed to connect to test database: Binary was compiled with 'CGO_ENABLED=0', go-sqlite3 requires cgo to work. This is a stub
exit status 1
FAIL	BlogAP	0.237s
